error[E0658]: attributes on expressions are experimental
  --> $DIR/allow.rs:72:13
   |
LL |             #[allow()]
   |             ^^^^^^^^^^
   |
   = note: see issue #15701 <https://github.com/rust-lang/rust/issues/15701> for more information
   = help: add `#![feature(stmt_expr_attributes)]` to the crate attributes to enable
   = note: this compiler was built on YYYY-MM-DD; consider upgrading it if it is out of date

error[E0658]: attributes on expressions are experimental
  --> $DIR/allow.rs:124:20
   |
LL |     let _closure = #[allow()]
   |                    ^^^^^^^^^^
   |
   = note: see issue #15701 <https://github.com/rust-lang/rust/issues/15701> for more information
   = help: add `#![feature(stmt_expr_attributes)]` to the crate attributes to enable
   = note: this compiler was built on YYYY-MM-DD; consider upgrading it if it is out of date

error[E0658]: attributes on expressions are experimental
  --> $DIR/allow.rs:127:25
   |
LL |     let _move_closure = #[allow()]
   |                         ^^^^^^^^^^
   |
   = note: see issue #15701 <https://github.com/rust-lang/rust/issues/15701> for more information
   = help: add `#![feature(stmt_expr_attributes)]` to the crate attributes to enable
   = note: this compiler was built on YYYY-MM-DD; consider upgrading it if it is out of date

error[E0658]: attributes on expressions are experimental
  --> $DIR/allow.rs:137:22
   |
LL |         let _array = #[allow()]
   |                      ^^^^^^^^^^
   |
   = note: see issue #15701 <https://github.com/rust-lang/rust/issues/15701> for more information
   = help: add `#![feature(stmt_expr_attributes)]` to the crate attributes to enable
   = note: this compiler was built on YYYY-MM-DD; consider upgrading it if it is out of date

error[E0658]: attributes on expressions are experimental
  --> $DIR/allow.rs:143:22
   |
LL |         let _tuple = #[allow()]
   |                      ^^^^^^^^^^
   |
   = note: see issue #15701 <https://github.com/rust-lang/rust/issues/15701> for more information
   = help: add `#![feature(stmt_expr_attributes)]` to the crate attributes to enable
   = note: this compiler was built on YYYY-MM-DD; consider upgrading it if it is out of date

error[E0658]: trait aliases are experimental
  --> $DIR/allow.rs:31:5
   |
LL |     trait TraitAlias = Debug;
   |     ^^^^^^^^^^^^^^^^^^^^^^^^^
   |
   = note: see issue #41517 <https://github.com/rust-lang/rust/issues/41517> for more information
   = help: add `#![feature(trait_alias)]` to the crate attributes to enable
   = note: this compiler was built on YYYY-MM-DD; consider upgrading it if it is out of date

error: aborting due to 6 previous errors

For more information about this error, try `rustc --explain E0658`.
