error[E0282]: type annotations needed
  --> $DIR/issue-107745-avoid-expr-from-macro-expansion.rs:17:22
   |
LL |     println!("{:?}", []);
   |                      ^^ cannot infer type

error: aborting due to 1 previous error

For more information about this error, try `rustc --explain E0282`.
