error[E0010]: allocations are not allowed in constants
  --> $DIR/E0010.rs:3:23
   |
LL | const CON: Vec<i32> = vec![1, 2, 3];
   |                       ^^^^^^^^^^^^^ allocation not allowed in constants

error[E0015]: cannot call non-const method `slice::<impl [i32]>::into_vec::<std::alloc::Global>` in constants
  --> $DIR/E0010.rs:3:23
   |
LL | const CON: Vec<i32> = vec![1, 2, 3];
   |                       ^^^^^^^^^^^^^
   |
   = note: calls in constants are limited to constant functions, tuple structs and tuple variants

error: aborting due to 2 previous errors

Some errors have detailed explanations: E0010, E0015.
For more information about an error, try `rustc --explain E0010`.
