error: invalid format string: expected `}` but string was terminated
  --> $DIR/closing-brace-as-fill.rs:6:35
   |
LL |     println!("Hello, world! {0:}<3", 2);
   |                             -     ^ expected `}` in format string
   |                             |
   |                             because of this opening brace
   |
   = note: if you intended to print `{`, you can escape it using `{{`

error: aborting due to 1 previous error

